// Jest Snapshot v1, https://goo.gl/fbAQLP

exports[`should render Dashboard correctly 1`] = `
<div>
  <h3>
    Dashboard page
  </h3>
</div>
`;
